// Jest Snapshot v1, https://goo.gl/fbAQLP

exports[`Item component displays correctly. 1`] = `
<article
  className="item"
>
  <img
    alt="www.amazon.co.uk"
    height="300px"
    src=""
    width="400px"
  />
  <p>
    www.amazon.co.uk
  </p>
</article>
`;
