// Jest Snapshot v1, https://goo.gl/fbAQLP

exports[`Register component displays correctly. 1`] = `
<section
  className="register flex"
>
  <div>
    <h3>
      Register
    </h3>
    <label
      htmlFor="email"
    >
      Email
    </label>
    <input
      id="email"
      name="email"
      onChange={[Function]}
      placeholder="Please enter email"
      required={true}
      type="text"
    />
    <label
      htmlFor="name"
    >
      Name
    </label>
    <input
      id="name"
      name="name"
      onChange={[Function]}
      placeholder="Please enter name"
      required={true}
      type="text"
    />
    <label
      htmlFor="psw"
    >
      Password
    </label>
    <input
      id="psw"
      name="psw"
      onChange={[Function]}
      placeholder="Please enter password"
      required={true}
      type="password"
    />
    <button
      onClick={[Function]}
      type="submit"
    >
      Register
    </button>
  </div>
</section>
`;
